This is pdfTeX, Version 3.141592653-2.6-1.40.29 (MiKTeX 26.5) (preloaded format=pdflatex 2026.9.1)  7 OCT 2026 16:20
entering extended mode
 restricted \write18 enabled.
 %&-line parsing enabled.
**./LluisLuengo_Guillem_TFM.tex
(LluisLuengo_Guillem_TFM.tex
LaTeX2e <2026-06-01>
L3 programming layer <2026-08-10>
(TFUOC.cls
Document Class: TFUOC 2021/09/21 LaTeX Package for UOC final projects
(C:\Users\gllui\AppData\Local\Programs\MiKTeX\tex/latex/base\inputenc.sty
Package: inputenc 2024/02/08 v1.3d Input encoding file
\inpenc@prehook=\toks17
\inpenc@posthook=\toks18
(C:\Users\gllui\AppData\Local\Programs\MiKTeX\tex/latex/ucs\utf8x.def
File: utf8x.def 2023/11/09 UCS: Input encoding UTF-8

Package ucs Info: utf8x disabled, assuming standard utf8 processing
(ucs)             load ucs package to force utf8x processing.

(C:\Users\gllui\AppData\Local\Programs\MiKTeX\tex/latex/base\utf8.def
File: utf8.def 2022/06/07 v1.3c UTF-8 support
Now handling font encoding OML ...
... no UTF-8 mapping file for font encoding OML
Now handling font encoding OMS ...
... processing UTF-8 mapping file for font encoding OMS
(C:\Users\gllui\AppData\Local\Programs\MiKTeX\tex/latex/base\omsenc.dfu
File: omsenc.dfu 2022/06/07 v1.3c UTF-8 support
   defining Unicode char U+00A7 (decimal 167)
   defining Unicode char U+00B6 (decimal 182)
   defining Unicode char U+00B7 (decimal 183)
   defining Unicode char U+2020 (decimal 8224)
   defining Unicode char U+2021 (decimal 8225)
   defining Unicode char U+2022 (decimal 8226)
)
Now handling font encoding OT1 ...
... processing UTF-8 mapping file for font encoding OT1
(C:\Users\gllui\AppData\Local\Programs\MiKTeX\tex/latex/base\ot1enc.dfu
File: ot1enc.dfu 2022/06/07 v1.3c UTF-8 support
   defining Unicode char U+00A0 (decimal 160)
   defining Unicode char U+00A1 (decimal 161)
   defining Unicode char U+00A3 (decimal 163)
   defining Unicode char U+00AD (decimal 173)
   defining Unicode char U+00B8 (decimal 184)
   defining Unicode char U+00BF (decimal 191)
   defining Unicode char U+00C5 (decimal 197)
   defining Unicode char U+00C6 (decimal 198)
   defining Unicode char U+00D8 (decimal 216)
   defining Unicode char U+00DF (decimal 223)
   defining Unicode char U+00E6 (decimal 230)
   defining Unicode char U+00EC (decimal 236)
   defining Unicode char U+00ED (decimal 237)
   defining Unicode char U+00EE (decimal 238)
   defining Unicode char U+00EF (decimal 239)
   defining Unicode char U+00F8 (decimal 248)
   defining Unicode char U+0131 (decimal 305)
   defining Unicode char U+0141 (decimal 321)
   defining Unicode char U+0142 (decimal 322)
   defining Unicode char U+0152 (decimal 338)
   defining Unicode char U+0153 (decimal 339)
   defining Unicode char U+0174 (decimal 372)
   defining Unicode char U+0175 (decimal 373)
   defining Unicode char U+0176 (decimal 374)
   defining Unicode char U+0177 (decimal 375)
   defining Unicode char U+0218 (decimal 536)
   defining Unicode char U+0219 (decimal 537)
   defining Unicode char U+021A (decimal 538)
   defining Unicode char U+021B (decimal 539)
   defining Unicode char U+0237 (decimal 567)
   defining Unicode char U+2013 (decimal 8211)
   defining Unicode char U+2014 (decimal 8212)
   defining Unicode char U+2018 (decimal 8216)
   defining Unicode char U+2019 (decimal 8217)
   defining Unicode char U+201C (decimal 8220)
   defining Unicode char U+201D (decimal 8221)
   defining Unicode char U+FB00 (decimal 64256)
   defining Unicode char U+FB01 (decimal 64257)
   defining Unicode char U+FB02 (decimal 64258)
   defining Unicode char U+FB03 (decimal 64259)
   defining Unicode char U+FB04 (decimal 64260)
   defining Unicode char U+FB05 (decimal 64261)
   defining Unicode char U+FB06 (decimal 64262)
)
Now handling font encoding T1 ...
... processing UTF-8 mapping file for font encoding T1
(C:\Users\gllui\AppData\Local\Programs\MiKTeX\tex/latex/base\t1enc.dfu
File: t1enc.dfu 2022/06/07 v1.3c UTF-8 support
   defining Unicode char U+00A0 (decimal 160)
   defining Unicode char U+00A1 (decimal 161)
   defining Unicode char U+00A3 (decimal 163)
   defining Unicode char U+00AB (decimal 171)
   defining Unicode char U+00AD (decimal 173)
   defining Unicode char U+00BB (decimal 187)
   defining Unicode char U+00BF (decimal 191)
   defining Unicode char U+00C0 (decimal 192)
   defining Unicode char U+00C1 (decimal 193)
   defining Unicode char U+00C2 (decimal 194)
   defining Unicode char U+00C3 (decimal 195)
   defining Unicode char U+00C4 (decimal 196)
   defining Unicode char U+00C5 (decimal 197)
   defining Unicode char U+00C6 (decimal 198)
   defining Unicode char U+00C7 (decimal 199)
   defining Unicode char U+00C8 (decimal 200)
   defining Unicode char U+00C9 (decimal 201)
   defining Unicode char U+00CA (decimal 202)
   defining Unicode char U+00CB (decimal 203)
   defining Unicode char U+00CC (decimal 204)
   defining Unicode char U+00CD (decimal 205)
   defining Unicode char U+00CE (decimal 206)
   defining Unicode char U+00CF (decimal 207)
   defining Unicode char U+00D0 (decimal 208)
   defining Unicode char U+00D1 (decimal 209)
   defining Unicode char U+00D2 (decimal 210)
   defining Unicode char U+00D3 (decimal 211)
   defining Unicode char U+00D4 (decimal 212)
   defining Unicode char U+00D5 (decimal 213)
   defining Unicode char U+00D6 (decimal 214)
   defining Unicode char U+00D8 (decimal 216)
   defining Unicode char U+00D9 (decimal 217)
   defining Unicode char U+00DA (decimal 218)
   defining Unicode char U+00DB (decimal 219)
   defining Unicode char U+00DC (decimal 220)
   defining Unicode char U+00DD (decimal 221)
   defining Unicode char U+00DE (decimal 222)
   defining Unicode char U+00DF (decimal 223)
   defining Unicode char U+00E0 (decimal 224)
   defining Unicode char U+00E1 (decimal 225)
   defining Unicode char U+00E2 (decimal 226)
   defining Unicode char U+00E3 (decimal 227)
   defining Unicode char U+00E4 (decimal 228)
   defining Unicode char U+00E5 (decimal 229)
   defining Unicode char U+00E6 (decimal 230)
   defining Unicode char U+00E7 (decimal 231)
   defining Unicode char U+00E8 (decimal 232)
   defining Unicode char U+00E9 (decimal 233)
   defining Unicode char U+00EA (decimal 234)
   defining Unicode char U+00EB (decimal 235)
   defining Unicode char U+00EC (decimal 236)
   defining Unicode char U+00ED (decimal 237)
   defining Unicode char U+00EE (decimal 238)
   defining Unicode char U+00EF (decimal 239)
   defining Unicode char U+00F0 (decimal 240)
   defining Unicode char U+00F1 (decimal 241)
   defining Unicode char U+00F2 (decimal 242)
   defining Unicode char U+00F3 (decimal 243)
   defining Unicode char U+00F4 (decimal 244)
   defining Unicode char U+00F5 (decimal 245)
   defining Unicode char U+00F6 (decimal 246)
   defining Unicode char U+00F8 (decimal 248)
   defining Unicode char U+00F9 (decimal 249)
   defining Unicode char U+00FA (decimal 250)
   defining Unicode char U+00FB (decimal 251)
   defining Unicode char U+00FC (decimal 252)
   defining Unicode char U+00FD (decimal 253)
   defining Unicode char U+00FE (decimal 254)
   defining Unicode char U+00FF (decimal 255)
   defining Unicode char U+0100 (decimal 256)
   defining Unicode char U+0101 (decimal 257)
   defining Unicode char U+0102 (decimal 258)
   defining Unicode char U+0103 (decimal 259)
   defining Unicode char U+0104 (decimal 260)
   defining Unicode char U+0105 (decimal 261)
   defining Unicode char U+0106 (decimal 262)
   defining Unicode char U+0107 (decimal 263)
   defining Unicode char U+0108 (decimal 264)
   defining Unicode char U+0109 (decimal 265)
   defining Unicode char U+010A (decimal 266)
   defining Unicode char U+010B (decimal 267)
   defining Unicode char U+010C (decimal 268)
   defining Unicode char U+010D (decimal 269)
   defining Unicode char U+010E (decimal 270)
   defining Unicode char U+010F (decimal 271)
   defining Unicode char U+0110 (decimal 272)
   defining Unicode char U+0111 (decimal 273)
   defining Unicode char U+0112 (decimal 274)
   defining Unicode char U+0113 (decimal 275)
   defining Unicode char U+0114 (decimal 276)
   defining Unicode char U+0115 (decimal 277)
   defining Unicode char U+0116 (decimal 278)
   defining Unicode char U+0117 (decimal 279)
   defining Unicode char U+0118 (decimal 280)
   defining Unicode char U+0119 (decimal 281)
   defining Unicode char U+011A (decimal 282)
   defining Unicode char U+011B (decimal 283)
   defining Unicode char U+011C (decimal 284)
   defining Unicode char U+011D (decimal 285)
   defining Unicode char U+011E (decimal 286)
   defining Unicode char U+011F (decimal 287)
   defining Unicode char U+0120 (decimal 288)
   defining Unicode char U+0121 (decimal 289)
   defining Unicode char U+0122 (decimal 290)
   defining Unicode char U+0123 (decimal 291)
   defining Unicode char U+0124 (decimal 292)
   defining Unicode char U+0125 (decimal 293)
   defining Unicode char U+0128 (decimal 296)
   defining Unicode char U+0129 (decimal 297)
   defining Unicode char U+012A (decimal 298)
   defining Unicode char U+012B (decimal 299)
   defining Unicode char U+012C (decimal 300)
   defining Unicode char U+012D (decimal 301)
   defining Unicode char U+012E (decimal 302)
   defining Unicode char U+012F (decimal 303)
   defining Unicode char U+0130 (decimal 304)
   defining Unicode char U+0131 (decimal 305)
   defining Unicode char U+0132 (decimal 306)
   defining Unicode char U+0133 (decimal 307)
   defining Unicode char U+0134 (decimal 308)
   defining Unicode char U+0135 (decimal 309)
   defining Unicode char U+0136 (decimal 310)
   defining Unicode char U+0137 (decimal 311)
   defining Unicode char U+0139 (decimal 313)
   defining Unicode char U+013A (decimal 314)
   defining Unicode char U+013B (decimal 315)
   defining Unicode char U+013C (decimal 316)
   defining Unicode char U+013D (decimal 317)
   defining Unicode char U+013E (decimal 318)
   defining Unicode char U+0141 (decimal 321)
   defining Unicode char U+0142 (decimal 322)
   defining Unicode char U+0143 (decimal 323)
   defining Unicode char U+0144 (decimal 324)
   defining Unicode char U+0145 (decimal 325)
   defining Unicode char U+0146 (decimal 326)
   defining Unicode char U+0147 (decimal 327)
   defining Unicode char U+0148 (decimal 328)
   defining Unicode char U+014A (decimal 330)
   defining Unicode char U+014B (decimal 331)
   defining Unicode char U+014C (decimal 332)
   defining Unicode char U+014D (decimal 333)
   defining Unicode char U+014E (decimal 334)
   defining Unicode char U+014F (decimal 335)
   defining Unicode char U+0150 (decimal 336)
   defining Unicode char U+0151 (decimal 337)
   defining Unicode char U+0152 (decimal 338)
   defining Unicode char U+0153 (decimal 339)
   defining Unicode char U+0154 (decimal 340)
   defining Unicode char U+0155 (decimal 341)
   defining Unicode char U+0156 (decimal 342)
   defining Unicode char U+0157 (decimal 343)
   defining Unicode char U+0158 (decimal 344)
   defining Unicode char U+0159 (decimal 345)
   defining Unicode char U+015A (decimal 346)
   defining Unicode char U+015B (decimal 347)
   defining Unicode char U+015C (decimal 348)
   defining Unicode char U+015D (decimal 349)
   defining Unicode char U+015E (decimal 350)
   defining Unicode char U+015F (decimal 351)
   defining Unicode char U+0160 (decimal 352)
   defining Unicode char U+0161 (decimal 353)
   defining Unicode char U+0162 (decimal 354)
   defining Unicode char U+0163 (decimal 355)
   defining Unicode char U+0164 (decimal 356)
   defining Unicode char U+0165 (decimal 357)
   defining Unicode char U+0168 (decimal 360)
   defining Unicode char U+0169 (decimal 361)
   defining Unicode char U+016A (decimal 362)
   defining Unicode char U+016B (decimal 363)
   defining Unicode char U+016C (decimal 364)
   defining Unicode char U+016D (decimal 365)
   defining Unicode char U+016E (decimal 366)
   defining Unicode char U+016F (decimal 367)
   defining Unicode char U+0170 (decimal 368)
   defining Unicode char U+0171 (decimal 369)
   defining Unicode char U+0172 (decimal 370)
   defining Unicode char U+0173 (decimal 371)
   defining Unicode char U+0174 (decimal 372)
   defining Unicode char U+0175 (decimal 373)
   defining Unicode char U+0176 (decimal 374)
   defining Unicode char U+0177 (decimal 375)
   defining Unicode char U+0178 (decimal 376)
   defining Unicode char U+0179 (decimal 377)
   defining Unicode char U+017A (decimal 378)
   defining Unicode char U+017B (decimal 379)
   defining Unicode char U+017C (decimal 380)
   defining Unicode char U+017D (decimal 381)
   defining Unicode char U+017E (decimal 382)
   defining Unicode char U+01C4 (decimal 452)
   defining Unicode char U+01C5 (decimal 453)
   defining Unicode char U+01C6 (decimal 454)
   defining Unicode char U+01C7 (decimal 455)
   defining Unicode char U+01C8 (decimal 456)
   defining Unicode char U+01C9 (decimal 457)
   defining Unicode char U+01CA (decimal 458)
   defining Unicode char U+01CB (decimal 459)
   defining Unicode char U+01CC (decimal 460)
   defining Unicode char U+01CD (decimal 461)
   defining Unicode char U+01CE (decimal 462)
   defining Unicode char U+01CF (decimal 463)
   defining Unicode char U+01D0 (decimal 464)
   defining Unicode char U+01D1 (decimal 465)
   defining Unicode char U+01D2 (decimal 466)
   defining Unicode char U+01D3 (decimal 467)
   defining Unicode char U+01D4 (decimal 468)
   defining Unicode char U+01E2 (decimal 482)
   defining Unicode char U+01E3 (decimal 483)
   defining Unicode char U+01E6 (decimal 486)
   defining Unicode char U+01E7 (decimal 487)
   defining Unicode char U+01E8 (decimal 488)
   defining Unicode char U+01E9 (decimal 489)
   defining Unicode char U+01EA (decimal 490)
   defining Unicode char U+01EB (decimal 491)
   defining Unicode char U+01F0 (decimal 496)
   defining Unicode char U+01F4 (decimal 500)
   defining Unicode char U+01F5 (decimal 501)
   defining Unicode char U+0218 (decimal 536)
   defining Unicode char U+0219 (decimal 537)
   defining Unicode char U+021A (decimal 538)
   defining Unicode char U+021B (decimal 539)
   defining Unicode char U+0232 (decimal 562)
   defining Unicode char U+0233 (decimal 563)
   defining Unicode char U+0237 (decimal 567)
   defining Unicode char U+02D9 (decimal 729)
   defining Unicode char U+02DB (decimal 731)
   defining Unicode char U+1E02 (decimal 7682)
   defining Unicode char U+1E03 (decimal 7683)
   defining Unicode char U+1E0D (decimal 7693)
   defining Unicode char U+1E1E (decimal 7710)
   defining Unicode char U+1E1F (decimal 7711)
   defining Unicode char U+1E25 (decimal 7717)
   defining Unicode char U+1E30 (decimal 7728)
   defining Unicode char U+1E31 (decimal 7729)
   defining Unicode char U+1E37 (decimal 7735)
   defining Unicode char U+1E8E (decimal 7822)
   defining Unicode char U+1E8F (decimal 7823)
   defining Unicode char U+1E43 (decimal 7747)
   defining Unicode char U+1E45 (decimal 7749)
   defining Unicode char U+1E47 (decimal 7751)
   defining Unicode char U+1E5B (decimal 7771)
   defining Unicode char U+1E63 (decimal 7779)
   defining Unicode char U+1E6D (decimal 7789)
   defining Unicode char U+1E90 (decimal 7824)
   defining Unicode char U+1E91 (decimal 7825)
   defining Unicode char U+1E9E (decimal 7838)
   defining Unicode char U+1EF2 (decimal 7922)
   defining Unicode char U+1EF3 (decimal 7923)
   defining Unicode char U+200C (decimal 8204)
   defining Unicode char U+2010 (decimal 8208)
   defining Unicode char U+2011 (decimal 8209)
   defining Unicode char U+2012 (decimal 8210)
   defining Unicode char U+2013 (decimal 8211)
   defining Unicode char U+2014 (decimal 8212)
   defining Unicode char U+2015 (decimal 8213)
   defining Unicode char U+2018 (decimal 8216)
   defining Unicode char U+2019 (decimal 8217)
   defining Unicode char U+201A (decimal 8218)
   defining Unicode char U+201C (decimal 8220)
   defining Unicode char U+201D (decimal 8221)
   defining Unicode char U+201E (decimal 8222)
   defining Unicode char U+2030 (decimal 8240)
   defining Unicode char U+2031 (decimal 8241)
   defining Unicode char U+2039 (decimal 8249)
   defining Unicode char U+203A (decimal 8250)
   defining Unicode char U+2423 (decimal 9251)
   defining Unicode char U+1E20 (decimal 7712)
   defining Unicode char U+1E21 (decimal 7713)
   defining Unicode char U+FB00 (decimal 64256)
   defining Unicode char U+FB01 (decimal 64257)
   defining Unicode char U+FB02 (decimal 64258)
   defining Unicode char U+FB03 (decimal 64259)
   defining Unicode char U+FB04 (decimal 64260)
   defining Unicode char U+FB05 (decimal 64261)
   defining Unicode char U+FB06 (decimal 64262)
)
Now handling font encoding TS1 ...
... processing UTF-8 mapping file for font encoding TS1
(C:\Users\gllui\AppData\Local\Programs\MiKTeX\tex/latex/base\ts1enc.dfu
File: ts1enc.dfu 2022/06/07 v1.3c UTF-8 support
   defining Unicode char U+00A2 (decimal 162)
   defining Unicode char U+00A3 (decimal 163)
   defining Unicode char U+00A4 (decimal 164)
   defining Unicode char U+00A5 (decimal 165)
   defining Unicode char U+00A6 (decimal 166)
   defining Unicode char U+00A7 (decimal 167)
   defining Unicode char U+00A8 (decimal 168)
   defining Unicode char U+00A9 (decimal 169)
   defining Unicode char U+00AA (decimal 170)
   defining Unicode char U+00AC (decimal 172)
   defining Unicode char U+00AE (decimal 174)
   defining Unicode char U+00AF (decimal 175)
   defining Unicode char U+00B0 (decimal 176)
   defining Unicode char U+00B1 (decimal 177)
   defining Unicode char U+00B2 (decimal 178)
   defining Unicode char U+00B3 (decimal 179)
   defining Unicode char U+00B4 (decimal 180)
   defining Unicode char U+00B5 (decimal 181)
   defining Unicode char U+00B6 (decimal 182)
   defining Unicode char U+00B7 (decimal 183)
   defining Unicode char U+00B9 (decimal 185)
   defining Unicode char U+00BA (decimal 186)
   defining Unicode char U+00BC (decimal 188)
   defining Unicode char U+00BD (decimal 189)
   defining Unicode char U+00BE (decimal 190)
   defining Unicode char U+00D7 (decimal 215)
   defining Unicode char U+00F7 (decimal 247)
   defining Unicode char U+0192 (decimal 402)
   defining Unicode char U+02C7 (decimal 711)
   defining Unicode char U+02D8 (decimal 728)
   defining Unicode char U+02DD (decimal 733)
   defining Unicode char U+0E3F (decimal 3647)
   defining Unicode char U+2016 (decimal 8214)
   defining Unicode char U+2020 (decimal 8224)
   defining Unicode char U+2021 (decimal 8225)
   defining Unicode char U+2022 (decimal 8226)
   defining Unicode char U+2030 (decimal 8240)
   defining Unicode char U+2031 (decimal 8241)
   defining Unicode char U+203B (decimal 8251)
   defining Unicode char U+203D (decimal 8253)
   defining Unicode char U+2044 (decimal 8260)
   defining Unicode char U+204E (decimal 8270)
   defining Unicode char U+2052 (decimal 8274)
   defining Unicode char U+20A1 (decimal 8353)
   defining Unicode char U+20A4 (decimal 8356)
   defining Unicode char U+20A6 (decimal 8358)
   defining Unicode char U+20A9 (decimal 8361)
   defining Unicode char U+20AB (decimal 8363)
   defining Unicode char U+20AC (decimal 8364)
   defining Unicode char U+20B1 (decimal 8369)
   defining Unicode char U+2103 (decimal 8451)
   defining Unicode char U+2116 (decimal 8470)
   defining Unicode char U+2117 (decimal 8471)
   defining Unicode char U+211E (decimal 8478)
   defining Unicode char U+2120 (decimal 8480)
   defining Unicode char U+2122 (decimal 8482)
   defining Unicode char U+2126 (decimal 8486)
   defining Unicode char U+2127 (decimal 8487)
   defining Unicode char U+212E (decimal 8494)
   defining Unicode char U+2190 (decimal 8592)
   defining Unicode char U+2191 (decimal 8593)
   defining Unicode char U+2192 (decimal 8594)
   defining Unicode char U+2193 (decimal 8595)
   defining Unicode char U+2329 (decimal 9001)
   defining Unicode char U+3008 (decimal 12296)
   defining Unicode char U+232A (decimal 9002)
   defining Unicode char U+3009 (decimal 12297)
   defining Unicode char U+2422 (decimal 9250)
   defining Unicode char U+25E6 (decimal 9702)
   defining Unicode char U+25EF (decimal 9711)
   defining Unicode char U+266A (decimal 9834)
   defining Unicode char U+27E8 (decimal 10216)
   defining Unicode char U+27E9 (decimal 10217)
   defining Unicode char U+FEFF (decimal 65279)
)
Now handling font encoding OMX ...
... no UTF-8 mapping file for font encoding OMX
Now handling font encoding U ...
... no UTF-8 mapping file for font encoding U
   defining Unicode char U+00A9 (decimal 169)
   defining Unicode char U+00AA (decimal 170)
   defining Unicode char U+00AE (decimal 174)
   defining Unicode char U+00BA (decimal 186)
   defining Unicode char U+02C6 (decimal 710)
   defining Unicode char U+02DC (decimal 732)
   defining Unicode char U+200C (decimal 8204)
   defining Unicode char U+2026 (decimal 8230)
   defining Unicode char U+2122 (decimal 8482)
   defining Unicode char U+2423 (decimal 9251)
   defining Unicode char U+FEFF (decimal 65279)
))) (C:\Users\gllui\AppData\Local\Programs\MiKTeX\tex/latex/base\ifthen.sty
Package: ifthen 2024/03/16 v1.1e Standard LaTeX ifthen package (DPC)
) (C:\Users\gllui\AppData\Local\Programs\MiKTeX\tex/latex/graphics\graphicx.sty
Package: graphicx 2026-05-17 v1.2e Enhanced LaTeX Graphics (DPC,SPQR)
(C:\Users\gllui\AppData\Local\Programs\MiKTeX\tex/latex/graphics\keyval.sty
Package: keyval 2026-05-17 v1.15 key=value parser (DPC)
\KV@toks@=\toks19
) (C:\Users\gllui\AppData\Local\Programs\MiKTeX\tex/latex/graphics\graphics.sty
Package: graphics 2026-05-17 v1.4h Standard LaTeX Graphics (DPC,SPQR)
(C:\Users\gllui\AppData\Local\Programs\MiKTeX\tex/latex/graphics\trig.sty
Package: trig 2023/12/02 v1.11 sin cos tan (DPC)
)
(C:\Users\gllui\AppData\Local\Programs\MiKTeX\tex/latex/graphics-cfg\graphics.c
fg
File: graphics.cfg 2016/06/04 v1.11 sample graphics configuration
)
Package graphics Info: Driver file: pdftex.def on input line 106.

(C:\Users\gllui\AppData\Local\Programs\MiKTeX\tex/latex/graphics-def\pdftex.def
File: pdftex.def 2025/09/29 v1.2d Graphics/color driver for pdftex
))
\Gin@req@height=\dimen150
\Gin@req@width=\dimen151
) (C:\Users\gllui\AppData\Local\Programs\MiKTeX\tex/latex/url\url.sty
\Urlmuskip=\muskip17
Package: url 2013/09/16  ver 3.4  Verb mode for urls, etc.
) (C:\Users\gllui\AppData\Local\Programs\MiKTeX\tex/latex/fancyhdr\fancyhdr.sty
Package: fancyhdr 2025/02/07 v5.2 Extensive control of page headers and footers

\f@nch@headwidth=\skip49
\f@nch@offset@elh=\skip50
\f@nch@offset@erh=\skip51
\f@nch@offset@olh=\skip52
\f@nch@offset@orh=\skip53
\f@nch@offset@elf=\skip54
\f@nch@offset@erf=\skip55
\f@nch@offset@olf=\skip56
\f@nch@offset@orf=\skip57
\f@nch@height=\skip58
\f@nch@footalignment=\skip59
\f@nch@widthL=\skip60
\f@nch@widthC=\skip61
\f@nch@widthR=\skip62
\@temptokenb=\toks20
) (C:\Users\gllui\AppData\Local\Programs\MiKTeX\tex/latex/graphics\color.sty
Package: color 2026-05-17 v1.3f Standard LaTeX Color (DPC)
(C:\Users\gllui\AppData\Local\Programs\MiKTeX\tex/latex/graphics-cfg\color.cfg
File: color.cfg 2016/01/02 v1.6 sample color configuration
)
Package color Info: Driver file: pdftex.def on input line 149.
(C:\Users\gllui\AppData\Local\Programs\MiKTeX\tex/latex/graphics\mathcolor.ltx)
) (C:\Users\gllui\AppData\Local\Programs\MiKTeX\tex/latex/tools\array.sty
Package: array 2026/02/24 v2.7b Tabular extension package (FMi)
\col@sep=\dimen152
\ar@mcellbox=\box53
\extrarowheight=\dimen153
\NC@list=\toks21
\extratabsurround=\skip63
\backup@length=\skip64
\ar@cellbox=\box54
) (C:\Users\gllui\AppData\Local\Programs\MiKTeX\tex/latex/colortbl\colortbl.sty
Package: colortbl 2026/05/01 v1.0l Color table columns (DPC)
new hooks used!!
\minrowclearance=\skip65
\rownum=\count276
) (C:\Users\gllui\AppData\Local\Programs\MiKTeX\tex/latex/xcolor\xcolor.sty
Package: xcolor 2024/09/29 v3.02 LaTeX color extensions (UK)
(C:\Users\gllui\AppData\Local\Programs\MiKTeX\tex/latex/graphics-cfg\color.cfg
File: color.cfg 2016/01/02 v1.6 sample color configuration
)

Package xcolor Warning: Package option `usenames' is obsolete and ignored on in
put line 265.

Package xcolor Info: Driver file: pdftex.def on input line 274.
LaTeX Info: Redefining \color on input line 762.
(C:\Users\gllui\AppData\Local\Programs\MiKTeX\tex/latex/graphics\mathcolor.ltx)
Package xcolor Info: Model `cmy' substituted by `cmy0' on input line 1349.
Package xcolor Info: Model `hsb' substituted by `rgb' on input line 1353.
Package xcolor Info: Model `RGB' extended on input line 1365.
Package xcolor Info: Model `HTML' substituted by `rgb' on input line 1367.
Package xcolor Info: Model `Hsb' substituted by `hsb' on input line 1368.
Package xcolor Info: Model `tHsb' substituted by `hsb' on input line 1369.
Package xcolor Info: Model `HSB' substituted by `hsb' on input line 1370.
Package xcolor Info: Model `Gray' substituted by `gray' on input line 1371.
Package xcolor Info: Model `wave' substituted by `hsb' on input line 1372.
) (C:\Users\gllui\AppData\Local\Programs\MiKTeX\tex/latex/graphics\dvipsnam.def
File: dvipsnam.def 2026-05-17 v3.0m Driver-dependent file (DPC,SPQR)
) (C:\Users\gllui\AppData\Local\Programs\MiKTeX\tex/latex/multirow\multirow.sty
Package: multirow 2024/11/12 v2.9 Span multiple rows of a table
\multirow@colwidth=\skip66
\multirow@cntb=\count277
\multirow@dima=\skip67
\bigstrutjot=\dimen154
) (C:\Users\gllui\AppData\Local\Programs\MiKTeX\tex/latex/tools\multicol.sty
Package: multicol 2025/10/21 v2.0b multicolumn formatting (FMi)
\c@tracingmulticols=\count278
\mult@box=\box55
\multicol@leftmargin=\dimen155
\c@unbalance=\count279
\c@collectmore=\count280
\doublecol@number=\count281
\multicoltolerance=\count282
\multicolpretolerance=\count283
\full@width=\dimen156
\page@free=\dimen157
\premulticols=\dimen158
\postmulticols=\dimen159
\multicolsep=\skip68
\multicolbaselineskip=\skip69
\partial@page=\box56
\last@line=\box57
\mc@boxedresult=\box58
\maxbalancingoverflow=\dimen160
\mult@rightbox=\box59
\mult@grightbox=\box60
\mult@firstbox=\box61
\mult@gfirstbox=\box62
\@tempa=\box63
\@tempa=\box64
\@tempa=\box65
\@tempa=\box66
\@tempa=\box67
\@tempa=\box68
\@tempa=\box69
\@tempa=\box70
\@tempa=\box71
\@tempa=\box72
\@tempa=\box73
\@tempa=\box74
\@tempa=\box75
\@tempa=\box76
\@tempa=\box77
\@tempa=\box78
\@tempa=\box79
\@tempa=\box80
\@tempa=\box81
\@tempa=\box82
\@tempa=\box83
\@tempa=\box84
\@tempa=\box85
\@tempa=\box86
\@tempa=\box87
\@tempa=\box88
\@tempa=\box89
\@tempa=\box90
\@tempa=\box91
\@tempa=\box92
\@tempa=\box93
\@tempa=\box94
\@tempa=\box95
\@tempa=\box96
\@tempa=\box97
\@tempa=\box98
\c@minrows=\count284
\c@columnbadness=\count285
\c@finalcolumnbadness=\count286
\last@try=\dimen161
\multicolovershoot=\dimen162
\multicolundershoot=\dimen163
\mult@nat@firstbox=\box99
\colbreak@box=\box100
\mc@col@check@num=\count287
\g__mc_curr_col_int=\count288
)
(C:\Users\gllui\AppData\Local\Programs\MiKTeX\tex/latex/stackengine\stackengine
.sty
Package: stackengine 2021/07/22 v4.11\ Stacking text and objects in convenient 
ways
(C:\Users\gllui\AppData\Local\Programs\MiKTeX\tex/latex/etoolbox\etoolbox.sty
Package: etoolbox 2025/10/02 v2.5m e-TeX tools for LaTeX (JAW)
\etb@tempcnta=\count289
)
(C:\Users\gllui\AppData\Local\Programs\MiKTeX\tex/latex/listofitems\listofitems
.sty
(C:\Users\gllui\AppData\Local\Programs\MiKTeX\tex/generic/listofitems\listofite
ms.tex
\loi_cnt_foreach_nest=\count290
\loi_nestcnt=\count291
)
Package: listofitems 2024/03/09 v1.65 Grab items in lists using user-specified 
sep char (CT)
) (C:\Users\gllui\AppData\Local\Programs\MiKTeX\tex/latex/tools\calc.sty
Package: calc 2025/03/01 v4.3b Infix arithmetic (KKT,FJ)
\calc@Acount=\count292
\calc@Bcount=\count293
\calc@Adimen=\dimen164
\calc@Bdimen=\dimen165
\calc@Askip=\skip70
\calc@Bskip=\skip71
LaTeX Info: Redefining \setlength on input line 86.
LaTeX Info: Redefining \addtolength on input line 87.
\calc@Ccount=\count294
\calc@Cskip=\skip72
)
\c@@stackindex=\count295
\@boxshift=\skip73
\stack@tmplength=\skip74
\temp@stkl=\skip75
\@stackedboxwidth=\skip76
\@addedbox=\box101
\@anchorbox=\box102
\@insetbox=\box103
\se@backgroundbox=\box104
\stackedbox=\box105
\@centerbox=\box106
\c@ROWcellindex@=\count296
) (C:\Users\gllui\AppData\Local\Programs\MiKTeX\tex/latex/base\report.cls
Document Class: report 2025/01/22 v1.4n Standard LaTeX document class
(C:\Users\gllui\AppData\Local\Programs\MiKTeX\tex/latex/base\size12.clo
File: size12.clo 2025/01/22 v1.4n Standard LaTeX file (size option)
)
\c@part=\count297
\c@chapter=\count298
\c@section=\count299
\c@subsection=\count300
\c@subsubsection=\count301
\c@paragraph=\count302
\c@subparagraph=\count303
\c@figure=\count304
\c@table=\count305
\abovecaptionskip=\skip77
\belowcaptionskip=\skip78
\bibindent=\dimen166
) (C:\Users\gllui\AppData\Local\Programs\MiKTeX\tex/latex/geometry\geometry.sty
Package: geometry 2026/03/07 v6.0 Page Geometry
(C:\Users\gllui\AppData\Local\Programs\MiKTeX\tex/generic/iftex\ifvtex.sty
Package: ifvtex 2019/10/25 v1.7 ifvtex legacy package. Use iftex instead.
(C:\Users\gllui\AppData\Local\Programs\MiKTeX\tex/generic/iftex\iftex.sty
Package: iftex 2024/12/12 v1.0g TeX engine tests
))
\Gm@cnth=\count306
\Gm@cntv=\count307
\c@Gm@tempcnt=\count308
\Gm@bindingoffset=\dimen167
\Gm@wd@mp=\dimen168
\Gm@odd@mp=\dimen169
\Gm@even@mp=\dimen170
\Gm@layoutwidth=\dimen171
\Gm@layoutheight=\dimen172
\Gm@layouthoffset=\dimen173
\Gm@layoutvoffset=\dimen174
\Gm@dimlist=\toks22
(C:\Users\gllui\AppData\Local\Programs\MiKTeX\tex/latex/geometry\geometry.cfg))
(C:\Users\gllui\AppData\Local\Programs\MiKTeX\tex/latex/sectsty\sectsty.sty
Package: sectsty 2002/02/25 v2.0.2 Commands to change all sectional heading sty
les

LaTeX Warning: Command \underbar  has changed.
               Check if current package is valid.


LaTeX Warning: Command \underline  has changed.
               Check if current package is valid.

) (C:\Users\gllui\AppData\Local\Programs\MiKTeX\tex/generic/babel\babel.sty
Package: babel 2026/08/21 v26.11 The multilingual framework for LuaLaTeX, pdfLa
TeX and XeLaTeX
\babel@savecnt=\count309
LaTeX Encoding Info:    Redeclaring text command \ij (encoding OT1) on input li
ne 2105.
LaTeX Encoding Info:    Redeclaring text command \IJ (encoding OT1) on input li
ne 2107.
LaTeX Encoding Info:    Redeclaring text command \ij (encoding T1) on input lin
e 2109.
LaTeX Encoding Info:    Redeclaring text command \IJ (encoding T1) on input lin
e 2110.
LaTeX Encoding Info:    Ignoring declaration for text command \ij (encoding ?) 
on input line 2111.
LaTeX Encoding Info:    Ignoring declaration for text command \IJ (encoding ?) 
on input line 2113.
LaTeX Encoding Info:    Ignoring declaration for text command \SS (encoding ?) 
on input line 2138.
\U@D=\dimen175
\l@unhyphenated=\language79
(C:\Users\gllui\AppData\Local\Programs\MiKTeX\tex/generic/babel\txtbabel.def)
\bbl@readstream=\read2
\bbl@dirlevel=\count310
Package babel Info: Configuration files are deprecated, as
(babel)             they can break document portability.
(babel)             Reported on input line 4332.
*************************************
* Local config file bblopts.cfg used
*
(C:\Users\gllui\AppData\Local\Programs\MiKTeX\tex/latex/arabi\bblopts.cfg
File: bblopts.cfg 2005/09/08 v0.1 add Arabic and Farsi to "declared" options of
 babel
)
(C:\Users\gllui\AppData\Local\Programs\MiKTeX\tex/generic/babel/locale/ca\babel
-catalan.tex)
Package babel Info: Importing font and identification data for 'catalan'
(babel)             from babel-ca.ini. Reported on input line 4460.

(C:\Users\gllui\AppData\Local\Programs\MiKTeX\tex/latex/babel-catalan\catalan.l
df
Language: catalan 2005/03/29 v2.2p Catalan support from the babel system
Package babel Info: Making " an active character on input line 91.
Warning: You are using encoding OT1 instead of T1.
Some word breaks will not be found.
\leftllkern=\dimen176
\rightllkern=\dimen177
\raiselldim=\dimen178
))) (C:\Users\gllui\AppData\Local\Programs\MiKTeX\tex/latex/base\fontenc.sty
Package: fontenc 2025/07/18 v2.1d Standard LaTeX package
) (C:\Users\gllui\AppData\Local\Programs\MiKTeX\tex/latex/lm\lmodern.sty
Package: lmodern 2015/05/01 v1.6.1 Latin Modern Fonts
LaTeX Font Info:    Overwriting symbol font `operators' in version `normal'
(Font)                  OT1/cmr/m/n --> OT1/lmr/m/n on input line 22.
LaTeX Font Info:    Overwriting symbol font `letters' in version `normal'
(Font)                  OML/cmm/m/it --> OML/lmm/m/it on input line 23.
LaTeX Font Info:    Overwriting symbol font `symbols' in version `normal'
(Font)                  OMS/cmsy/m/n --> OMS/lmsy/m/n on input line 24.
LaTeX Font Info:    Overwriting symbol font `largesymbols' in version `normal'
(Font)                  OMX/cmex/m/n --> OMX/lmex/m/n on input line 25.
LaTeX Font Info:    Overwriting symbol font `operators' in version `bold'
(Font)                  OT1/cmr/bx/n --> OT1/lmr/bx/n on input line 26.
LaTeX Font Info:    Overwriting symbol font `letters' in version `bold'
(Font)                  OML/cmm/b/it --> OML/lmm/b/it on input line 27.
LaTeX Font Info:    Overwriting symbol font `symbols' in version `bold'
(Font)                  OMS/cmsy/b/n --> OMS/lmsy/b/n on input line 28.
LaTeX Font Info:    Overwriting symbol font `largesymbols' in version `bold'
(Font)                  OMX/cmex/m/n --> OMX/lmex/m/n on input line 29.
LaTeX Font Info:    Overwriting math alphabet `\mathbf' in version `normal'
(Font)                  OT1/cmr/bx/n --> OT1/lmr/bx/n on input line 31.
LaTeX Font Info:    Overwriting math alphabet `\mathsf' in version `normal'
(Font)                  OT1/cmss/m/n --> OT1/lmss/m/n on input line 32.
LaTeX Font Info:    Overwriting math alphabet `\mathit' in version `normal'
(Font)                  OT1/cmr/m/it --> OT1/lmr/m/it on input line 33.
LaTeX Font Info:    Overwriting math alphabet `\mathtt' in version `normal'
(Font)                  OT1/cmtt/m/n --> OT1/lmtt/m/n on input line 34.
LaTeX Font Info:    Overwriting math alphabet `\mathbf' in version `bold'
(Font)                  OT1/cmr/bx/n --> OT1/lmr/bx/n on input line 35.
LaTeX Font Info:    Overwriting math alphabet `\mathsf' in version `bold'
(Font)                  OT1/cmss/bx/n --> OT1/lmss/bx/n on input line 36.
LaTeX Font Info:    Overwriting math alphabet `\mathit' in version `bold'
(Font)                  OT1/cmr/bx/it --> OT1/lmr/bx/it on input line 37.
LaTeX Font Info:    Overwriting math alphabet `\mathtt' in version `bold'
(Font)                  OT1/cmtt/m/n --> OT1/lmtt/m/n on input line 38.
) (C:\Users\gllui\AppData\Local\Programs\MiKTeX\tex/latex/amsmath\amsmath.sty
Package: amsmath 2026/05/19 v2.18d AMS math features
\@mathmargin=\skip79
For additional information on amsmath, use the `?' option.
(C:\Users\gllui\AppData\Local\Programs\MiKTeX\tex/latex/amsmath\amstext.sty
Package: amstext 2024/11/17 v2.01 AMS text
(C:\Users\gllui\AppData\Local\Programs\MiKTeX\tex/latex/amsmath\amsgen.sty
File: amsgen.sty 1999/11/30 v2.0 generic functions
\@emptytoks=\toks23
\ex@=\dimen179
)) (C:\Users\gllui\AppData\Local\Programs\MiKTeX\tex/latex/amsmath\amsbsy.sty
Package: amsbsy 1999/11/29 v1.2d Bold Symbols
\pmbraise@=\dimen180
) (C:\Users\gllui\AppData\Local\Programs\MiKTeX\tex/latex/amsmath\amsopn.sty
Package: amsopn 2022/04/08 v2.04 operator names
)
\inf@bad=\count311
LaTeX Info: Redefining \frac on input line 233.
\uproot@=\count312
\leftroot@=\count313
LaTeX Info: Redefining \overline on input line 398.
LaTeX Info: Redefining \colon on input line 409.
\classnum@=\count314
\DOTSCASE@=\count315
LaTeX Info: Redefining \ldots on input line 495.
LaTeX Info: Redefining \dots on input line 498.
LaTeX Info: Redefining \cdots on input line 619.
\Mathstrutbox@=\box107
\strutbox@=\box108
LaTeX Info: Redefining \big on input line 721.
LaTeX Info: Redefining \Big on input line 722.
LaTeX Info: Redefining \bigg on input line 723.
LaTeX Info: Redefining \Bigg on input line 724.
\big@size=\dimen181
LaTeX Font Info:    Redeclaring font encoding OML on input line 742.
LaTeX Font Info:    Redeclaring font encoding OMS on input line 743.
\macc@depth=\count316
LaTeX Info: Redefining \bmod on input line 904.
LaTeX Info: Redefining \pmod on input line 909.
LaTeX Info: Redefining \smash on input line 939.
LaTeX Info: Redefining \relbar on input line 969.
LaTeX Info: Redefining \Relbar on input line 970.
\c@MaxMatrixCols=\count317
\dotsspace@=\muskip18
\c@parentequation=\count318
\dspbrk@lvl=\count319
\tag@help=\toks24
\row@=\count320
\column@=\count321
\maxfields@=\count322
\andhelp@=\toks25
\eqnshift@=\dimen182
\alignsep@=\dimen183
\tagshift@=\dimen184
\tagwidth@=\dimen185
\totwidth@=\dimen186
\lineht@=\dimen187
\@envbody=\toks26
\multlinegap=\skip80
\multlinetaggap=\skip81
\mathdisplay@stack=\toks27
LaTeX Info: Redefining \[ on input line 2965.
LaTeX Info: Redefining \] on input line 2966.
) (C:\Users\gllui\AppData\Local\Programs\MiKTeX\tex/latex/tools\longtable.sty
Package: longtable 2026-01-28 v4.27 Multi-page Table package (DPC)
\LTleft=\skip82
\LTright=\skip83
\LTpre=\skip84
\LTpost=\skip85
\LTchunksize=\count323
\LTcapwidth=\dimen188
\LT@head=\box109
\LT@firsthead=\box110
\LT@foot=\box111
\LT@lastfoot=\box112
\LT@gbox=\box113
\LT@cols=\count324
\LT@rows=\count325
\c@LT@tables=\count326
\c@LT@chunks=\count327
\LT@p@ftn=\toks28
) (C:\Users\gllui\AppData\Local\Programs\MiKTeX\tex/latex/booktabs\booktabs.sty
Package: booktabs 2020/01/12 v1.61803398 Publication quality tables
\heavyrulewidth=\dimen189
\lightrulewidth=\dimen190
\cmidrulewidth=\dimen191
\belowrulesep=\dimen192
\belowbottomsep=\dimen193
\aboverulesep=\dimen194
\abovetopsep=\dimen195
\cmidrulesep=\dimen196
\cmidrulekern=\dimen197
\defaultaddspace=\dimen198
\@cmidla=\count328
\@cmidlb=\count329
\@aboverulesep=\dimen199
\@belowrulesep=\dimen256
\@thisruleclass=\count330
\@lastruleclass=\count331
\@thisrulewidth=\dimen257
) (C:\Users\gllui\AppData\Local\Programs\MiKTeX\tex/latex/fancyvrb\fancyvrb.sty
Package: fancyvrb 2026/08/13 4.7 verbatim text (tvz,hv)
\FV@CodeLineNo=\count332
\FV@InFile=\read3
\FV@TabBox=\box114
\c@FancyVerbLine=\count333
\FV@StepNumber=\count334
\FV@OutFile=\write3
) (C:\Users\gllui\AppData\Local\Programs\MiKTeX\tex/latex/framed\framed.sty
Package: framed 2011/10/22 v 0.96: framed or shaded text with page breaks
\OuterFrameSep=\skip86
\fb@frw=\dimen258
\fb@frh=\dimen259
\FrameRule=\dimen260
\FrameSep=\dimen261
)
\cslhangindent=\skip87
\csllabelwidth=\skip88
(C:\Users\gllui\AppData\Local\Programs\MiKTeX\tex/latex/enumitem\enumitem.sty
Package: enumitem 2025/02/06 v3.11 Customized lists
\labelindent=\skip89
\enit@outerparindent=\dimen262
\enit@toks=\toks29
\enit@inbox=\box115
\enit@count@id=\count335
\enitdp@description=\count336
) (C:\Users\gllui\AppData\Local\Programs\MiKTeX\tex/latex/hyperref\hyperref.sty
Package: hyperref 2026-06-17 v7.01r Hypertext links for LaTeX

(C:\Users\gllui\AppData\Local\Programs\MiKTeX\tex/latex/kvsetkeys\kvsetkeys.sty
Package: kvsetkeys 2022-10-05 v1.19 Key value parser (HO)
)
(C:\Users\gllui\AppData\Local\Programs\MiKTeX\tex/generic/kvdefinekeys\kvdefine
keys.sty
Package: kvdefinekeys 2019-12-19 v1.6 Define keys (HO)
)
(C:\Users\gllui\AppData\Local\Programs\MiKTeX\tex/generic/pdfescape\pdfescape.s
ty
Package: pdfescape 2019/12/09 v1.15 Implements pdfTeX's escape features (HO)
(C:\Users\gllui\AppData\Local\Programs\MiKTeX\tex/generic/ltxcmds\ltxcmds.sty
Package: ltxcmds 2023-12-04 v1.26 LaTeX kernel commands for general use (HO)
)
(C:\Users\gllui\AppData\Local\Programs\MiKTeX\tex/generic/pdftexcmds\pdftexcmds
.sty
Package: pdftexcmds 2020-06-27 v0.33 Utility functions of pdfTeX for LuaTeX (HO
)

(C:\Users\gllui\AppData\Local\Programs\MiKTeX\tex/generic/infwarerr\infwarerr.s
ty
Package: infwarerr 2019/12/03 v1.5 Providing info/warning/error messages (HO)
)
Package pdftexcmds Info: \pdf@primitive is available.
Package pdftexcmds Info: \pdf@ifprimitive is available.
Package pdftexcmds Info: \pdfdraftmode found.
)) (C:\Users\gllui\AppData\Local\Programs\MiKTeX\tex/latex/hycolor\hycolor.sty
Package: hycolor 2020-01-27 v1.10 Color options for hyperref/bookmark (HO)
) (C:\Users\gllui\AppData\Local\Programs\MiKTeX\tex/latex/hyperref\nameref.sty
Package: nameref 2026-01-29 v2.58 Cross-referencing by name of section
(C:\Users\gllui\AppData\Local\Programs\MiKTeX\tex/latex/refcount\refcount.sty
Package: refcount 2019/12/15 v3.6 Data extraction from label references (HO)
)
(C:\Users\gllui\AppData\Local\Programs\MiKTeX\tex/generic/gettitlestring\gettit
lestring.sty
Package: gettitlestring 2019/12/15 v1.6 Cleanup title references (HO)

(C:\Users\gllui\AppData\Local\Programs\MiKTeX\tex/latex/kvoptions\kvoptions.sty
Package: kvoptions 2022-06-15 v3.15 Key value format for package options (HO)
))
\c@section@level=\count337
)
(C:\Users\gllui\AppData\Local\Programs\MiKTeX\tex/generic/stringenc\stringenc.s
ty
Package: stringenc 2019/11/29 v1.12 Convert strings between diff. encodings (HO
)
)
\@linkdim=\dimen263
\Hy@linkcounter=\count338
\Hy@pagecounter=\count339
(C:\Users\gllui\AppData\Local\Programs\MiKTeX\tex/latex/hyperref\pd1enc.def
File: pd1enc.def 2026-06-17 v7.01r Hyperref: PDFDocEncoding definition (HO)
Now handling font encoding PD1 ...
... no UTF-8 mapping file for font encoding PD1
) (C:\Users\gllui\AppData\Local\Programs\MiKTeX\tex/generic/intcalc\intcalc.sty
Package: intcalc 2019/12/15 v1.3 Expandable calculations with integers (HO)
)
\Hy@SavedSpaceFactor=\count340
(C:\Users\gllui\AppData\Local\Programs\MiKTeX\tex/latex/hyperref\puenc.def
File: puenc.def 2026-06-17 v7.01r Hyperref: PDF Unicode definition (HO)
Now handling font encoding PU ...
... no UTF-8 mapping file for font encoding PU
)
Package hyperref Info: Option `unicode' set `true' on input line 4070.
Package hyperref Info: Hyper figures OFF on input line 4199.
Package hyperref Info: Link nesting OFF on input line 4204.
Package hyperref Info: Hyper index ON on input line 4207.
Package hyperref Info: Plain pages OFF on input line 4214.
Package hyperref Info: Backreferencing OFF on input line 4219.
Package hyperref Info: Implicit mode ON; LaTeX internals redefined.
Package hyperref Info: Bookmarks ON on input line 4466.
\c@Hy@tempcnt=\count341
LaTeX Info: Redefining \url on input line 4805.
\XeTeXLinkMargin=\dimen264
(C:\Users\gllui\AppData\Local\Programs\MiKTeX\tex/generic/bitset\bitset.sty
Package: bitset 2019/12/09 v1.3 Handle bit-vector datatype (HO)

(C:\Users\gllui\AppData\Local\Programs\MiKTeX\tex/generic/bigintcalc\bigintcalc
.sty
Package: bigintcalc 2019/12/15 v1.5 Expandable calculations on big integers (HO
)
))
\Fld@menulength=\count342
\Field@Width=\dimen265
\Fld@charsize=\dimen266
Package hyperref Info: Hyper figures OFF on input line 6091.
Package hyperref Info: Link nesting OFF on input line 6096.
Package hyperref Info: Hyper index ON on input line 6099.
Package hyperref Info: backreferencing OFF on input line 6106.
Package hyperref Info: Link coloring OFF on input line 6111.
Package hyperref Info: Link coloring with OCG OFF on input line 6116.
Package hyperref Info: PDF/A mode OFF on input line 6121.
\Hy@abspage=\count343
\c@Item=\count344
\c@Hfootnote=\count345
)
Package hyperref Info: Driver (autodetected): hpdftex.
(C:\Users\gllui\AppData\Local\Programs\MiKTeX\tex/latex/hyperref\hpdftex.def
File: hpdftex.def 2026-06-17 v7.01r Hyperref driver for pdfTeX
\Fld@listcount=\count346
\c@bookmark@seq@number=\count347

(C:\Users\gllui\AppData\Local\Programs\MiKTeX\tex/latex/rerunfilecheck\rerunfil
echeck.sty
Package: rerunfilecheck 2025-06-21 v1.11 Rerun checks for auxiliary files (HO)

(C:\Users\gllui\AppData\Local\Programs\MiKTeX\tex/generic/uniquecounter\uniquec
ounter.sty
Package: uniquecounter 2019/12/15 v1.4 Provide unlimited unique counter (HO)
)
Package uniquecounter Info: New unique counter `rerunfilecheck' on input line 2
84.
)
\Hy@SectionHShift=\skip90
)
LaTeX Font Info:    Trying to load font information for T1+lmr on input line 67
.
(C:\Users\gllui\AppData\Local\Programs\MiKTeX\tex/latex/lm\t1lmr.fd
File: t1lmr.fd 2015/05/01 v1.6.1 Font defs for Latin Modern
)
(C:\Users\gllui\AppData\Local\Programs\MiKTeX\tex/latex/l3kernel\l3backend-pdft
ex.def
File: l3backend-pdftex.def 2026-08-10 L3 backend support: PDF output (pdfTeX)
\l__color_backend_stack_int=\count348
) (LluisLuengo_Guillem_TFM.aux
Package babel Info: 'catalan' activates 'catalan' shorthands.
(babel)             Reported on input line 8.
)
\openout1 = `LluisLuengo_Guillem_TFM.aux'.

LaTeX Font Info:    Checking defaults for OML/cmm/m/it on input line 67.
LaTeX Font Info:    ... okay on input line 67.
LaTeX Font Info:    Checking defaults for OMS/cmsy/m/n on input line 67.
LaTeX Font Info:    ... okay on input line 67.
LaTeX Font Info:    Checking defaults for OT1/cmr/m/n on input line 67.
LaTeX Font Info:    ... okay on input line 67.
LaTeX Font Info:    Checking defaults for T1/cmr/m/n on input line 67.
LaTeX Font Info:    ... okay on input line 67.
LaTeX Font Info:    Checking defaults for TS1/cmr/m/n on input line 67.
LaTeX Font Info:    ... okay on input line 67.
LaTeX Font Info:    Checking defaults for OMX/cmex/m/n on input line 67.
LaTeX Font Info:    ... okay on input line 67.
LaTeX Font Info:    Checking defaults for U/cmr/m/n on input line 67.
LaTeX Font Info:    ... okay on input line 67.
LaTeX Font Info:    Checking defaults for PD1/pdf/m/n on input line 67.
LaTeX Font Info:    ... okay on input line 67.
LaTeX Font Info:    Checking defaults for PU/pdf/m/n on input line 67.
LaTeX Font Info:    ... okay on input line 67.

(C:\Users\gllui\AppData\Local\Programs\MiKTeX\tex/context/base/mkii\supp-pdf.mk
ii
[Loading MPS to PDF converter (version 2006.09.02).]
\scratchcounter=\count349
\scratchdimen=\dimen267
\scratchbox=\box116
\nofMPsegments=\count350
\nofMParguments=\count351
\everyMPshowfont=\toks30
\MPscratchCnt=\count352
\MPscratchDim=\dimen268
\MPnumerator=\count353
\makeMPintoPDFobject=\count354
\everyMPtoPDFconversion=\toks31
)
(C:\Users\gllui\AppData\Local\Programs\MiKTeX\tex/latex/epstopdf-pkg\epstopdf-b
ase.sty
Package: epstopdf-base 2020-01-24 v2.11 Base part for package epstopdf
Package epstopdf-base Info: Redefining graphics rule for `.eps' on input line 4
85.

(C:\Users\gllui\AppData\Local\Programs\MiKTeX\tex/latex/00miktex\epstopdf-sys.c
fg
File: epstopdf-sys.cfg 2021/03/18 v2.0 Configuration of epstopdf for MiKTeX
))
*geometry* driver: auto-detecting
*geometry* detected driver: pdftex
*geometry* verbose mode - [ preamble ] result:
* driver: pdftex
* paper: <default>
* layout: <same size as paper>
* layoutoffset:(h,v)=(0.0pt,0.0pt)
* modes: 
* h-part:(L,W,R)=(92.14519pt, 430.00462pt, 92.14519pt)
* v-part:(T,H,B)=(95.39737pt, 556.47656pt, 143.09605pt)
* \paperwidth=614.295pt
* \paperheight=794.96999pt
* \textwidth=483.69684pt
* \textheight=654.41338pt
* \oddsidemargin=21.33955pt
* \evensidemargin=21.33955pt
* \topmargin=0.0pt
* \headheight=35.0pt
* \headsep=25.0pt
* \topskip=12.0pt
* \footskip=30.0pt
* \marginparwidth=44.0pt
* \marginparsep=10.0pt
* \columnsep=10.0pt
* \skip\footins=10.8pt plus 4.0pt minus 2.0pt
* \hoffset=-28.45274pt
* \voffset=-56.9055pt
* \mag=1000
* \@twocolumnfalse
* \@twosidefalse
* \@mparswitchfalse
* \@reversemarginfalse
* (1in=72.27pt=25.4mm, 1cm=28.453pt)

LaTeX Info: Redefining \l on input line 67.
LaTeX Info: Redefining \L on input line 67.
Package hyperref Info: Link coloring OFF on input line 67.
(LluisLuengo_Guillem_TFM.out) (LluisLuengo_Guillem_TFM.out)
\@outlinefile=\write4
\openout4 = `LluisLuengo_Guillem_TFM.out'.

Package babel Info: Main language set to 'catalan'.

Package geometry Warning: `bmargin' results in NEGATIVE (-30.15993pt).
    `height' or `tmargin' should be shortened in length.

*geometry* verbose mode - [ newgeometry ] result:
* driver: pdftex
* paper: <default>
* layout: <same size as paper>
* layoutoffset:(h,v)=(0.0pt,0.0pt)
* modes: 
* h-part:(L,W,R)=(56.9055pt, 483.69684pt, 73.69266pt)
* v-part:(T,H,B)=(85.35826pt, 739.77165pt, -30.15993pt)
* \paperwidth=614.295pt
* \paperheight=794.96999pt
* \textwidth=483.69684pt
* \textheight=739.77165pt
* \oddsidemargin=-15.36449pt
* \evensidemargin=-15.36449pt
* \topmargin=-46.91173pt
* \headheight=35.0pt
* \headsep=25.0pt
* \topskip=12.0pt
* \footskip=30.0pt
* \marginparwidth=44.0pt
* \marginparsep=10.0pt
* \columnsep=10.0pt
* \skip\footins=10.8pt plus 4.0pt minus 2.0pt
* \hoffset=-28.45274pt
* \voffset=-56.9055pt
* \mag=1000
* \@twocolumnfalse
* \@twosidefalse
* \@mparswitchfalse
* \@reversemarginfalse
* (1in=72.27pt=25.4mm, 1cm=28.453pt)

<UOCllarg.jpg, id=123, 998.73125pt x 2642.87375pt>
File: UOCllarg.jpg Graphic file (type jpg)
<use UOCllarg.jpg>
Package pdftex.def Info: UOCllarg.jpg  used on input line 69.
(pdftex.def)             Requested size: 177.82971pt x 470.57523pt.
LaTeX Font Info:    Trying to load font information for OT1+lmr on input line 6
9.
(C:\Users\gllui\AppData\Local\Programs\MiKTeX\tex/latex/lm\ot1lmr.fd
File: ot1lmr.fd 2015/05/01 v1.6.1 Font defs for Latin Modern
)
LaTeX Font Info:    Trying to load font information for OML+lmm on input line 6
9.
(C:\Users\gllui\AppData\Local\Programs\MiKTeX\tex/latex/lm\omllmm.fd
File: omllmm.fd 2015/05/01 v1.6.1 Font defs for Latin Modern
)
LaTeX Font Info:    Trying to load font information for OMS+lmsy on input line 
69.
(C:\Users\gllui\AppData\Local\Programs\MiKTeX\tex/latex/lm\omslmsy.fd
File: omslmsy.fd 2015/05/01 v1.6.1 Font defs for Latin Modern
)
LaTeX Font Info:    Trying to load font information for OMX+lmex on input line 
69.
(C:\Users\gllui\AppData\Local\Programs\MiKTeX\tex/latex/lm\omxlmex.fd
File: omxlmex.fd 2015/05/01 v1.6.1 Font defs for Latin Modern
)
LaTeX Font Info:    External font `lmex10' loaded for size
(Font)              <12> on input line 69.
LaTeX Font Info:    External font `lmex10' loaded for size
(Font)              <8> on input line 69.
LaTeX Font Info:    External font `lmex10' loaded for size
(Font)              <6> on input line 69.

Overfull \hbox (305.86713pt too wide) in paragraph at lines 69--69
[]|[]
 []


Underfull \hbox (badness 10000) in paragraph at lines 69--69

 []


Overfull \hbox (184.9429pt too wide) in paragraph at lines 69--69
[]|[]| 
 []


Overfull \hbox (53.6248pt too wide) in paragraph at lines 69--69
[][] 
 []

[1


{C:/Users/gllui/AppData/Local/MiKTeX/fonts/map/pdftex/pdftex.map}{C:/Users/gllu
i/AppData/Local/Programs/MiKTeX/fonts/enc/dvips/lm/lm-ec.enc} <./UOCllarg.jpg>]
<./licenc/ccby.png, id=132, 66.2475pt x 24.09pt>
File: ./licenc/ccby.png Graphic file (type png)
<use ./licenc/ccby.png>
Package pdftex.def Info: ./licenc/ccby.png  used on input line 69.
(pdftex.def)             Requested size: 66.24733pt x 24.08992pt.
LaTeX Font Info:    Trying to load font information for T1+lmtt on input line 6
9.
(C:\Users\gllui\AppData\Local\Programs\MiKTeX\tex/latex/lm\t1lmtt.fd
File: t1lmtt.fd 2015/05/01 v1.6.1 Font defs for Latin Modern
)
<noulogo.png, id=135, 671.6292pt x 173.448pt>
File: noulogo.png Graphic file (type png)
<use noulogo.png>
Package pdftex.def Info: noulogo.png  used on input line 69.
(pdftex.def)             Requested size: 165.26283pt x 42.67912pt.

Package fancyhdr Warning: \headheight is too small (35.0pt): 
(fancyhdr)                Make it at least 42.67912pt, for example:
(fancyhdr)                \setlength{\headheight}{42.67912pt}.
(fancyhdr)                You might also make \topmargin smaller:
(fancyhdr)                \addtolength{\topmargin}{-7.67912pt}.

<eimt.png, id=136, 74.1972pt x 10.1178pt>
File: eimt.png Graphic file (type png)
<use eimt.png>
Package pdftex.def Info: eimt.png  used on input line 69.
(pdftex.def)             Requested size: 73.03314pt x 9.95863pt.

pdfTeX warning (ext4): destination with the same identifier (name{page.1}) has 
been already used, duplicate ignored
<to be read again> 
                   \relax 
l.69 \estructura
                 [1

 <./noulogo.png> <./licenc/ccby.png> <./eimt.png>]
File: noulogo.png Graphic file (type png)
<use noulogo.png>
Package pdftex.def Info: noulogo.png  used on input line 69.
(pdftex.def)             Requested size: 165.26283pt x 42.67912pt.

Package fancyhdr Warning: \headheight is too small (35.0pt): 
(fancyhdr)                Make it at least 42.67912pt, for example:
(fancyhdr)                \setlength{\headheight}{42.67912pt}.
(fancyhdr)                You might also make \topmargin smaller:
(fancyhdr)                \addtolength{\topmargin}{-7.67912pt}.

File: eimt.png Graphic file (type png)
<use eimt.png>
Package pdftex.def Info: eimt.png  used on input line 69.
(pdftex.def)             Requested size: 73.03314pt x 9.95863pt.
[2]
File: noulogo.png Graphic file (type png)
<use noulogo.png>
Package pdftex.def Info: noulogo.png  used on input line 69.
(pdftex.def)             Requested size: 165.26283pt x 42.67912pt.

Package fancyhdr Warning: \headheight is too small (35.0pt): 
(fancyhdr)                Make it at least 42.67912pt, for example:
(fancyhdr)                \setlength{\headheight}{42.67912pt}.
(fancyhdr)                You might also make \topmargin smaller:
(fancyhdr)                \addtolength{\topmargin}{-7.67912pt}.

File: eimt.png Graphic file (type png)
<use eimt.png>
Package pdftex.def Info: eimt.png  used on input line 69.
(pdftex.def)             Requested size: 73.03314pt x 9.95863pt.
[3]
File: noulogo.png Graphic file (type png)
<use noulogo.png>
Package pdftex.def Info: noulogo.png  used on input line 71.
(pdftex.def)             Requested size: 165.26283pt x 42.67912pt.

Package fancyhdr Warning: \headheight is too small (35.0pt): 
(fancyhdr)                Make it at least 42.67912pt, for example:
(fancyhdr)                \setlength{\headheight}{42.67912pt}.
(fancyhdr)                You might also make \topmargin smaller:
(fancyhdr)                \addtolength{\topmargin}{-7.67912pt}.

File: eimt.png Graphic file (type png)
<use eimt.png>
Package pdftex.def Info: eimt.png  used on input line 71.
(pdftex.def)             Requested size: 73.03314pt x 9.95863pt.
[4] (LluisLuengo_Guillem_TFM.toc
File: noulogo.png Graphic file (type png)
<use noulogo.png>
Package pdftex.def Info: noulogo.png  used on input line 30.
(pdftex.def)             Requested size: 165.26283pt x 42.67912pt.

Package fancyhdr Warning: \headheight is too small (35.0pt): 
(fancyhdr)                Make it at least 42.67912pt, for example:
(fancyhdr)                \setlength{\headheight}{42.67912pt}.
(fancyhdr)                You might also make \topmargin smaller:
(fancyhdr)                \addtolength{\topmargin}{-7.67912pt}.

File: eimt.png Graphic file (type png)
<use eimt.png>
Package pdftex.def Info: eimt.png  used on input line 30.
(pdftex.def)             Requested size: 73.03314pt x 9.95863pt.
[5

])
\tf@toc=\write5
\openout5 = `LluisLuengo_Guillem_TFM.toc'.

File: noulogo.png Graphic file (type png)
<use noulogo.png>
Package pdftex.def Info: noulogo.png  used on input line 73.
(pdftex.def)             Requested size: 165.26283pt x 42.67912pt.

Package fancyhdr Warning: \headheight is too small (35.0pt): 
(fancyhdr)                Make it at least 42.67912pt, for example:
(fancyhdr)                \setlength{\headheight}{42.67912pt}.
(fancyhdr)                You might also make \topmargin smaller:
(fancyhdr)                \addtolength{\topmargin}{-7.67912pt}.

File: eimt.png Graphic file (type png)
<use eimt.png>
Package pdftex.def Info: eimt.png  used on input line 73.
(pdftex.def)             Requested size: 73.03314pt x 9.95863pt.
[6] (LluisLuengo_Guillem_TFM.lof)
\tf@lof=\write6
\openout6 = `LluisLuengo_Guillem_TFM.lof'.

File: noulogo.png Graphic file (type png)
<use noulogo.png>
Package pdftex.def Info: noulogo.png  used on input line 75.
(pdftex.def)             Requested size: 165.26283pt x 42.67912pt.

Package fancyhdr Warning: \headheight is too small (35.0pt): 
(fancyhdr)                Make it at least 42.67912pt, for example:
(fancyhdr)                \setlength{\headheight}{42.67912pt}.
(fancyhdr)                You might also make \topmargin smaller:
(fancyhdr)                \addtolength{\topmargin}{-7.67912pt}.

File: eimt.png Graphic file (type png)
<use eimt.png>
Package pdftex.def Info: eimt.png  used on input line 75.
(pdftex.def)             Requested size: 73.03314pt x 9.95863pt.
[7

] (LluisLuengo_Guillem_TFM.lot)
\tf@lot=\write7
\openout7 = `LluisLuengo_Guillem_TFM.lot'.

File: noulogo.png Graphic file (type png)
<use noulogo.png>
Package pdftex.def Info: noulogo.png  used on input line 77.
(pdftex.def)             Requested size: 165.26283pt x 42.67912pt.

Package fancyhdr Warning: \headheight is too small (35.0pt): 
(fancyhdr)                Make it at least 42.67912pt, for example:
(fancyhdr)                \setlength{\headheight}{42.67912pt}.
(fancyhdr)                You might also make \topmargin smaller:
(fancyhdr)                \addtolength{\topmargin}{-7.67912pt}.

File: eimt.png Graphic file (type png)
<use eimt.png>
Package pdftex.def Info: eimt.png  used on input line 77.
(pdftex.def)             Requested size: 73.03314pt x 9.95863pt.
[8

]
Cap\'{\i }tol 1.
LaTeX Font Info:    Trying to load font information for TS1+lmr on input line 8
3.
(C:\Users\gllui\AppData\Local\Programs\MiKTeX\tex/latex/lm\ts1lmr.fd
File: ts1lmr.fd 2015/05/01 v1.6.1 Font defs for Latin Modern
)
File: noulogo.png Graphic file (type png)
<use noulogo.png>
Package pdftex.def Info: noulogo.png  used on input line 92.
(pdftex.def)             Requested size: 165.26283pt x 42.67912pt.

Package fancyhdr Warning: \headheight is too small (35.0pt): 
(fancyhdr)                Make it at least 42.67912pt, for example:
(fancyhdr)                \setlength{\headheight}{42.67912pt}.
(fancyhdr)                You might also make \topmargin smaller:
(fancyhdr)                \addtolength{\topmargin}{-7.67912pt}.

File: eimt.png Graphic file (type png)
<use eimt.png>
Package pdftex.def Info: eimt.png  used on input line 92.
(pdftex.def)             Requested size: 73.03314pt x 9.95863pt.
[9

{C:/Users/gllui/AppData/Local/Programs/MiKTeX/fonts/enc/dvips/lm/lm-ts1.enc}]
File: noulogo.png Graphic file (type png)
<use noulogo.png>
Package pdftex.def Info: noulogo.png  used on input line 138.
(pdftex.def)             Requested size: 165.26283pt x 42.67912pt.

Package fancyhdr Warning: \headheight is too small (35.0pt): 
(fancyhdr)                Make it at least 42.67912pt, for example:
(fancyhdr)                \setlength{\headheight}{42.67912pt}.
(fancyhdr)                You might also make \topmargin smaller:
(fancyhdr)                \addtolength{\topmargin}{-7.67912pt}.

File: eimt.png Graphic file (type png)
<use eimt.png>
Package pdftex.def Info: eimt.png  used on input line 138.
(pdftex.def)             Requested size: 73.03314pt x 9.95863pt.
[10]
File: noulogo.png Graphic file (type png)
<use noulogo.png>
Package pdftex.def Info: noulogo.png  used on input line 173.
(pdftex.def)             Requested size: 165.26283pt x 42.67912pt.

Package fancyhdr Warning: \headheight is too small (35.0pt): 
(fancyhdr)                Make it at least 42.67912pt, for example:
(fancyhdr)                \setlength{\headheight}{42.67912pt}.
(fancyhdr)                You might also make \topmargin smaller:
(fancyhdr)                \addtolength{\topmargin}{-7.67912pt}.

File: eimt.png Graphic file (type png)
<use eimt.png>
Package pdftex.def Info: eimt.png  used on input line 173.
(pdftex.def)             Requested size: 73.03314pt x 9.95863pt.
[11]
File: noulogo.png Graphic file (type png)
<use noulogo.png>
Package pdftex.def Info: noulogo.png  used on input line 193.
(pdftex.def)             Requested size: 165.26283pt x 42.67912pt.

Package fancyhdr Warning: \headheight is too small (35.0pt): 
(fancyhdr)                Make it at least 42.67912pt, for example:
(fancyhdr)                \setlength{\headheight}{42.67912pt}.
(fancyhdr)                You might also make \topmargin smaller:
(fancyhdr)                \addtolength{\topmargin}{-7.67912pt}.

File: eimt.png Graphic file (type png)
<use eimt.png>
Package pdftex.def Info: eimt.png  used on input line 193.
(pdftex.def)             Requested size: 73.03314pt x 9.95863pt.
[12]
<LluisLuengo_Guillem_TFM_files/figure-latex/gantt-1.pdf, id=247, 469.755pt x 43
3.62pt>
File: LluisLuengo_Guillem_TFM_files/figure-latex/gantt-1.pdf Graphic file (type
 pdf)
<use LluisLuengo_Guillem_TFM_files/figure-latex/gantt-1.pdf>
Package pdftex.def Info: LluisLuengo_Guillem_TFM_files/figure-latex/gantt-1.pdf
  used on input line 270.
(pdftex.def)             Requested size: 469.75386pt x 433.61894pt.
File: noulogo.png Graphic file (type png)
<use noulogo.png>
Package pdftex.def Info: noulogo.png  used on input line 282.
(pdftex.def)             Requested size: 165.26283pt x 42.67912pt.

Package fancyhdr Warning: \headheight is too small (35.0pt): 
(fancyhdr)                Make it at least 42.67912pt, for example:
(fancyhdr)                \setlength{\headheight}{42.67912pt}.
(fancyhdr)                You might also make \topmargin smaller:
(fancyhdr)                \addtolength{\topmargin}{-7.67912pt}.

File: eimt.png Graphic file (type png)
<use eimt.png>
Package pdftex.def Info: eimt.png  used on input line 282.
(pdftex.def)             Requested size: 73.03314pt x 9.95863pt.
[13]
File: noulogo.png Graphic file (type png)
<use noulogo.png>
Package pdftex.def Info: noulogo.png  used on input line 282.
(pdftex.def)             Requested size: 165.26283pt x 42.67912pt.

Package fancyhdr Warning: \headheight is too small (35.0pt): 
(fancyhdr)                Make it at least 42.67912pt, for example:
(fancyhdr)                \setlength{\headheight}{42.67912pt}.
(fancyhdr)                You might also make \topmargin smaller:
(fancyhdr)                \addtolength{\topmargin}{-7.67912pt}.

File: eimt.png Graphic file (type png)
<use eimt.png>
Package pdftex.def Info: eimt.png  used on input line 282.
(pdftex.def)             Requested size: 73.03314pt x 9.95863pt.
[14 <./LluisLuengo_Guillem_TFM_files/figure-latex/gantt-1.pdf>]
File: noulogo.png Graphic file (type png)
<use noulogo.png>
Package pdftex.def Info: noulogo.png  used on input line 294.
(pdftex.def)             Requested size: 165.26283pt x 42.67912pt.

Package fancyhdr Warning: \headheight is too small (35.0pt): 
(fancyhdr)                Make it at least 42.67912pt, for example:
(fancyhdr)                \setlength{\headheight}{42.67912pt}.
(fancyhdr)                You might also make \topmargin smaller:
(fancyhdr)                \addtolength{\topmargin}{-7.67912pt}.

File: eimt.png Graphic file (type png)
<use eimt.png>
Package pdftex.def Info: eimt.png  used on input line 294.
(pdftex.def)             Requested size: 73.03314pt x 9.95863pt.
[15]
Cap\'{\i }tol 2.
File: noulogo.png Graphic file (type png)
<use noulogo.png>
Package pdftex.def Info: noulogo.png  used on input line 298.
(pdftex.def)             Requested size: 165.26283pt x 42.67912pt.

Package fancyhdr Warning: \headheight is too small (35.0pt): 
(fancyhdr)                Make it at least 42.67912pt, for example:
(fancyhdr)                \setlength{\headheight}{42.67912pt}.
(fancyhdr)                You might also make \topmargin smaller:
(fancyhdr)                \addtolength{\topmargin}{-7.67912pt}.

File: eimt.png Graphic file (type png)
<use eimt.png>
Package pdftex.def Info: eimt.png  used on input line 298.
(pdftex.def)             Requested size: 73.03314pt x 9.95863pt.
[16

]
Cap\'{\i }tol 3.
File: noulogo.png Graphic file (type png)
<use noulogo.png>
Package pdftex.def Info: noulogo.png  used on input line 312.
(pdftex.def)             Requested size: 165.26283pt x 42.67912pt.

Package fancyhdr Warning: \headheight is too small (35.0pt): 
(fancyhdr)                Make it at least 42.67912pt, for example:
(fancyhdr)                \setlength{\headheight}{42.67912pt}.
(fancyhdr)                You might also make \topmargin smaller:
(fancyhdr)                \addtolength{\topmargin}{-7.67912pt}.

File: eimt.png Graphic file (type png)
<use eimt.png>
Package pdftex.def Info: eimt.png  used on input line 312.
(pdftex.def)             Requested size: 73.03314pt x 9.95863pt.
[17

]
Cap\'{\i }tol 4.
<Rplotmanh.png, id=275, 474.77374pt x 501.875pt>
File: Rplotmanh.png Graphic file (type png)
<use Rplotmanh.png>
Package pdftex.def Info: Rplotmanh.png  used on input line 322.
(pdftex.def)             Requested size: 199.16928pt x 210.541pt.
File: noulogo.png Graphic file (type png)
<use noulogo.png>
Package pdftex.def Info: noulogo.png  used on input line 329.
(pdftex.def)             Requested size: 165.26283pt x 42.67912pt.

Package fancyhdr Warning: \headheight is too small (35.0pt): 
(fancyhdr)                Make it at least 42.67912pt, for example:
(fancyhdr)                \setlength{\headheight}{42.67912pt}.
(fancyhdr)                You might also make \topmargin smaller:
(fancyhdr)                \addtolength{\topmargin}{-7.67912pt}.

File: eimt.png Graphic file (type png)
<use eimt.png>
Package pdftex.def Info: eimt.png  used on input line 329.
(pdftex.def)             Requested size: 73.03314pt x 9.95863pt.
[18

]
File: noulogo.png Graphic file (type png)
<use noulogo.png>
Package pdftex.def Info: noulogo.png  used on input line 329.
(pdftex.def)             Requested size: 165.26283pt x 42.67912pt.

Package fancyhdr Warning: \headheight is too small (35.0pt): 
(fancyhdr)                Make it at least 42.67912pt, for example:
(fancyhdr)                \setlength{\headheight}{42.67912pt}.
(fancyhdr)                You might also make \topmargin smaller:
(fancyhdr)                \addtolength{\topmargin}{-7.67912pt}.

File: eimt.png Graphic file (type png)
<use eimt.png>
Package pdftex.def Info: eimt.png  used on input line 329.
(pdftex.def)             Requested size: 73.03314pt x 9.95863pt.
[19 <./Rplotmanh.png>]
Cap\'{\i }tol 5.
File: noulogo.png Graphic file (type png)
<use noulogo.png>
Package pdftex.def Info: noulogo.png  used on input line 335.
(pdftex.def)             Requested size: 165.26283pt x 42.67912pt.

Package fancyhdr Warning: \headheight is too small (35.0pt): 
(fancyhdr)                Make it at least 42.67912pt, for example:
(fancyhdr)                \setlength{\headheight}{42.67912pt}.
(fancyhdr)                You might also make \topmargin smaller:
(fancyhdr)                \addtolength{\topmargin}{-7.67912pt}.

File: eimt.png Graphic file (type png)
<use eimt.png>
Package pdftex.def Info: eimt.png  used on input line 335.
(pdftex.def)             Requested size: 73.03314pt x 9.95863pt.
[20

]
Cap\'{\i }tol 6.
File: noulogo.png Graphic file (type png)
<use noulogo.png>
Package pdftex.def Info: noulogo.png  used on input line 339.
(pdftex.def)             Requested size: 165.26283pt x 42.67912pt.

Package fancyhdr Warning: \headheight is too small (35.0pt): 
(fancyhdr)                Make it at least 42.67912pt, for example:
(fancyhdr)                \setlength{\headheight}{42.67912pt}.
(fancyhdr)                You might also make \topmargin smaller:
(fancyhdr)                \addtolength{\topmargin}{-7.67912pt}.

File: eimt.png Graphic file (type png)
<use eimt.png>
Package pdftex.def Info: eimt.png  used on input line 339.
(pdftex.def)             Requested size: 73.03314pt x 9.95863pt.
[21

]
Cap\'{\i }tol 7.

Overfull \hbox (10.09421pt too wide) in paragraph at lines 386--388
[]\T1/lmr/m/n/12 Dels im-pac-tes pre-vis-tos a [1], ètic-socials, de sos-te-ni-
bi-li-tat i de di-ver-si-tat, ava-lu-a-eu/esmenteu
 []

File: noulogo.png Graphic file (type png)
<use noulogo.png>
Package pdftex.def Info: noulogo.png  used on input line 391.
(pdftex.def)             Requested size: 165.26283pt x 42.67912pt.

Package fancyhdr Warning: \headheight is too small (35.0pt): 
(fancyhdr)                Make it at least 42.67912pt, for example:
(fancyhdr)                \setlength{\headheight}{42.67912pt}.
(fancyhdr)                You might also make \topmargin smaller:
(fancyhdr)                \addtolength{\topmargin}{-7.67912pt}.

File: eimt.png Graphic file (type png)
<use eimt.png>
Package pdftex.def Info: eimt.png  used on input line 391.
(pdftex.def)             Requested size: 73.03314pt x 9.95863pt.
[22

]
Cap\'{\i }tol 8.
File: noulogo.png Graphic file (type png)
<use noulogo.png>
Package pdftex.def Info: noulogo.png  used on input line 395.
(pdftex.def)             Requested size: 165.26283pt x 42.67912pt.

Package fancyhdr Warning: \headheight is too small (35.0pt): 
(fancyhdr)                Make it at least 42.67912pt, for example:
(fancyhdr)                \setlength{\headheight}{42.67912pt}.
(fancyhdr)                You might also make \topmargin smaller:
(fancyhdr)                \addtolength{\topmargin}{-7.67912pt}.

File: eimt.png Graphic file (type png)
<use eimt.png>
Package pdftex.def Info: eimt.png  used on input line 395.
(pdftex.def)             Requested size: 73.03314pt x 9.95863pt.
[23

]
Cap\'{\i }tol 9.

Underfull \hbox (badness 10000) in paragraph at lines 401--401
[]\T1/lmr/m/n/12 Tessler J, Ah-med I, Bor-do-ni B. Car-di-ac re-ha-bi-li-ta-ti-

 []


Underfull \hbox (badness 10000) in paragraph at lines 401--401
\T1/lmr/m/n/12 on. Tre-a-su-re Is-land (FL): Stat-Pe-arls Pu-blis-hing; 2026.
 []


Underfull \hbox (badness 10000) in paragraph at lines 401--401

 []


Underfull \hbox (badness 1406) in paragraph at lines 405--405
[]\T1/lmr/m/n/12 Coutinho T, Kha-dan-ga S, Ade-din-sewo D, Ba-rac A, Brown TM, 
De-a-ton C, et
 []


Underfull \hbox (badness 10000) in paragraph at lines 405--405

 []


Underfull \hbox (badness 10000) in paragraph at lines 409--409
[]\T1/lmr/m/n/12 Caton S, Ha-as C. Fair-ness in mac-hi-ne le-ar-ning: A sur-vey
.
 []


Underfull \hbox (badness 10000) in paragraph at lines 409--409
\T1/lmr/m/n/12 ACM Com-pu-ting Sur-veys. 2024;56:138. doi:[]10.1145/3616865[]
 []


Underfull \hbox (badness 10000) in paragraph at lines 409--409

 []


Underfull \hbox (badness 10000) in paragraph at lines 413--413

 []


Underfull \hbox (badness 10000) in paragraph at lines 417--417

 []


Underfull \hbox (badness 10000) in paragraph at lines 421--421

 []


Underfull \hbox (badness 1577) in paragraph at lines 425--425
[]\T1/lmr/m/n/12 Dibben GO, Faulk-ner J, Ol-drid-ge N, Re-es K, Thomp-son DR, Z
wis-ler AD, et
 []


Underfull \hbox (badness 1742) in paragraph at lines 425--425
\T1/lmr/m/n/12 al. Exercise-based car-di-ac re-ha-bi-li-ta-ti-on for co-ro-nary
 he-art dise-a-se: A meta-
 []


Underfull \hbox (badness 10000) in paragraph at lines 425--425

 []


Underfull \hbox (badness 1527) in paragraph at lines 429--429
[]\T1/lmr/m/n/12 Firoozabadi MG, Mir-za-ei M, Gra-ce SL, Va-fa-ei-na-sab M, Deh
ghani-Tafti M, Sa-
 []


Underfull \hbox (badness 1694) in paragraph at lines 429--429
\T1/lmr/m/n/12 deg-hi A, et al. Sex dif-fe-ren-ces in car-di-ac re-ha-bi-li-ta-
ti-on bar-ri-ers among non-
 []


Underfull \hbox (badness 4927) in paragraph at lines 429--429
\T1/lmr/m/n/12 enrollees in the con-text of lower gen-der equa-lity: A cross-se
ctional study.
 []


Underfull \hbox (badness 4686) in paragraph at lines 429--429
\T1/lmr/m/n/12 BMC Car-di-o-vas-cu-lar Disor-ders. 2023;23:329. doi:[]10.1186/s
12872-023-03331-7[]
 []


Underfull \hbox (badness 10000) in paragraph at lines 429--429

 []


Underfull \hbox (badness 10000) in paragraph at lines 433--433
[]\T1/lmr/m/n/12 Khadanga S, Ga-a-le-ma DE, Sa-va-ge P, Ades PA. Un-de-ru-ti-li
-za-ti-on of car-
 []


Underfull \hbox (badness 10000) in paragraph at lines 433--433
\T1/lmr/m/n/12 di-ac re-ha-bi-li-ta-ti-on in wo-men. Jour-nal of Car-di-o-pul-m
o-nary Re-ha-bi-li-ta-
 []


Underfull \hbox (badness 10000) in paragraph at lines 433--433
\T1/lmr/m/n/12 ti-on and Pre-ven-ti-on. 2021;41:207213. doi:[]10.1097/hcr.00000
00000000629[]
 []


Underfull \hbox (badness 10000) in paragraph at lines 433--433

 []

File: noulogo.png Graphic file (type png)
<use noulogo.png>
Package pdftex.def Info: noulogo.png  used on input line 435.
(pdftex.def)             Requested size: 165.26283pt x 42.67912pt.

Package fancyhdr Warning: \headheight is too small (35.0pt): 
(fancyhdr)                Make it at least 42.67912pt, for example:
(fancyhdr)                \setlength{\headheight}{42.67912pt}.
(fancyhdr)                You might also make \topmargin smaller:
(fancyhdr)                \addtolength{\topmargin}{-7.67912pt}.

File: eimt.png Graphic file (type png)
<use eimt.png>
Package pdftex.def Info: eimt.png  used on input line 435.
(pdftex.def)             Requested size: 73.03314pt x 9.95863pt.
[24

]
Underfull \hbox (badness 1436) in paragraph at lines 437--437
[]\T1/lmr/m/n/12 HOEVE NT, BAKKER MD, SU-NA-MU-RA M, LEN-NEP JERV, BO-ERS-MA E,

 []


Underfull \hbox (badness 2600) in paragraph at lines 437--437
\T1/lmr/m/n/12 DI-AC RE-HA-BI-LI-TA-TI-ON: A SE-CON-DARY ANALY-SIS OF THE OP-TI
-CA-RE
 []


Underfull \hbox (badness 10000) in paragraph at lines 437--437

 []


Underfull \hbox (badness 10000) in paragraph at lines 441--441
[]\T1/lmr/m/n/12 McFeely AE, Bitt-ner VA. Sex and gender-based dif-fe-ren-ces i
n out-co-
 []


Underfull \hbox (badness 7203) in paragraph at lines 441--441
\T1/lmr/m/n/12 mes of car-di-ac re-ha-bi-li-ta-ti-on fo-llowing acu-te myo-car-
di-al in-farc-ti-on. Cur-
 []


Underfull \hbox (badness 10000) in paragraph at lines 441--441
\T1/lmr/m/n/12 rent At-he-ros-cle-ro-sis Re-ports. 2025;27:109. doi:[]10.1007/s
11883-025-01360-5[]
 []


Underfull \hbox (badness 10000) in paragraph at lines 441--441

 []


Underfull \hbox (badness 1424) in paragraph at lines 445--445
\T1/lmr/m/n/12 Pre-dic-tors of gain in exer-ci-se capa-city through car-di-ac r
e-ha-bi-li-ta-ti-on: Sex and
 []


Underfull \hbox (badness 1648) in paragraph at lines 445--445
\T1/lmr/m/n/12 age mat-ter. He-art & Lung. 2023;62:200206. doi:[]10.1016/j.hrtl
ng.2023.08.003[]
 []


Underfull \hbox (badness 10000) in paragraph at lines 445--445

 []


Underfull \hbox (badness 1661) in paragraph at lines 449--449
[]\T1/lmr/m/n/12 Oneto L, Chi-ap-pa S. Re-cent trends in le-ar-ning from da-ta,
 tu-to-ri-als from the
 []


Underfull \hbox (badness 3302) in paragraph at lines 449--449
\T1/lmr/m/n/12 INNS big da-ta and de-ep le-ar-ning con-fe-ren-ce (INNSBDDL2019)
. Stu-di-es in
 []


Underfull \hbox (badness 10000) in paragraph at lines 449--449
\T1/lmr/m/n/12 Com-pu-ta-ti-o-nal In-te-lli-gen-ce. 2020;155196. doi:[]10.1007/
978-3-030-43883-8_7[]
 []


Underfull \hbox (badness 10000) in paragraph at lines 449--449

 []


Underfull \hbox (badness 10000) in paragraph at lines 453--453
[]\T1/lmr/m/n/12 Criscuolo C, Sal-ni-tri M, Mar-ti-neng-hi D. FAIR-CARE: A com-
pa-ra-ti-
 []


Underfull \hbox (badness 10000) in paragraph at lines 453--453
\T1/lmr/m/n/12 ve eva-lu-a-ti-on of un-fair-ness mi-ti-ga-ti-on ap-pro-ac-hes. 
In-for-ma-ti-on and
 []


Underfull \hbox (badness 10000) in paragraph at lines 453--453
\T1/lmr/m/n/12 Softwa-re Tech-no-logy. 2026;189:107898. doi:[]10.1016/j.infsof.
2025.107898[]
 []


Underfull \hbox (badness 10000) in paragraph at lines 453--453

 []


Underfull \hbox (badness 10000) in paragraph at lines 457--457
[]\T1/lmr/m/n/12 Fatoretto MB, Öz-bu-lak G, An-jos A, Ber-ton L. Op-ti-mi-zing 
fair-
 []


Underfull \hbox (badness 10000) in paragraph at lines 457--457
\T1/lmr/m/n/12 ness and uti-lity in he-alth-ca-re mac-hi-ne le-ar-ning mo-dels.
 Ap-pli-
 []


Underfull \hbox (badness 10000) in paragraph at lines 457--457
\T1/lmr/m/n/12 ed Soft Com-pu-ting. 2025;181:113426. doi:[]10.1016/j.asoc.2025.
113426[]
 []


Underfull \hbox (badness 10000) in paragraph at lines 457--457

 []

File: noulogo.png Graphic file (type png)
<use noulogo.png>
Package pdftex.def Info: noulogo.png  used on input line 461.
(pdftex.def)             Requested size: 165.26283pt x 42.67912pt.

Package fancyhdr Warning: \headheight is too small (35.0pt): 
(fancyhdr)                Make it at least 42.67912pt, for example:
(fancyhdr)                \setlength{\headheight}{42.67912pt}.
(fancyhdr)                You might also make \topmargin smaller:
(fancyhdr)                \addtolength{\topmargin}{-7.67912pt}.

File: eimt.png Graphic file (type png)
<use eimt.png>
Package pdftex.def Info: eimt.png  used on input line 461.
(pdftex.def)             Requested size: 73.03314pt x 9.95863pt.
[25]
Ap\`endix A.
File: noulogo.png Graphic file (type png)
<use noulogo.png>
Package pdftex.def Info: noulogo.png  used on input line 468.
(pdftex.def)             Requested size: 165.26283pt x 42.67912pt.

Package fancyhdr Warning: \headheight is too small (35.0pt): 
(fancyhdr)                Make it at least 42.67912pt, for example:
(fancyhdr)                \setlength{\headheight}{42.67912pt}.
(fancyhdr)                You might also make \topmargin smaller:
(fancyhdr)                \addtolength{\topmargin}{-7.67912pt}.

File: eimt.png Graphic file (type png)
<use eimt.png>
Package pdftex.def Info: eimt.png  used on input line 468.
(pdftex.def)             Requested size: 73.03314pt x 9.95863pt.
[26

]
Ap\`endix B.
File: noulogo.png Graphic file (type png)
<use noulogo.png>
Package pdftex.def Info: noulogo.png  used on input line 472.
(pdftex.def)             Requested size: 165.26283pt x 42.67912pt.

Package fancyhdr Warning: \headheight is too small (35.0pt): 
(fancyhdr)                Make it at least 42.67912pt, for example:
(fancyhdr)                \setlength{\headheight}{42.67912pt}.
(fancyhdr)                You might also make \topmargin smaller:
(fancyhdr)                \addtolength{\topmargin}{-7.67912pt}.

File: eimt.png Graphic file (type png)
<use eimt.png>
Package pdftex.def Info: eimt.png  used on input line 472.
(pdftex.def)             Requested size: 73.03314pt x 9.95863pt.
[27

] (LluisLuengo_Guillem_TFM.aux)
 ***********
LaTeX2e <2026-06-01>
L3 programming layer <2026-08-10>
 ***********
Package rerunfilecheck Info: File `LluisLuengo_Guillem_TFM.out' has not changed
.
(rerunfilecheck)             Checksum: C72006DF67ADABC4924CB60964D617EA;4625.
 ) 
Here is how much of TeX's memory you used:
 14565 strings out of 467441
 238929 string characters out of 5407592
 718964 words of memory out of 5000000
 43547 multiletter control sequences out of 15000+600000
 680310 words of font info for 66 fonts, out of 8000000 for 9000
 1141 hyphenation exceptions out of 8191
 74i,21n,98p,980b,679s stack positions out of 10000i,1000n,20000p,200000b,200000s
<C:/Users/gllui/AppData/Local/Programs/MiKTeX/fonts/type1/public/lm/lmbx12.pf
b><C:/Users/gllui/AppData/Local/Programs/MiKTeX/fonts/type1/public/lm/lmbxi10.p
fb><C:/Users/gllui/AppData/Local/Programs/MiKTeX/fonts/type1/public/lm/lmr12.pf
b><C:/Users/gllui/AppData/Local/Programs/MiKTeX/fonts/type1/public/lm/lmr17.pfb
><C:/Users/gllui/AppData/Local/Programs/MiKTeX/fonts/type1/public/lm/lmr8.pfb><
C:/Users/gllui/AppData/Local/Programs/MiKTeX/fonts/type1/public/lm/lmri12.pfb><
C:/Users/gllui/AppData/Local/Programs/MiKTeX/fonts/type1/public/lm/lmri8.pfb><C
:/Users/gllui/AppData/Local/Programs/MiKTeX/fonts/type1/public/lm/lmtt12.pfb>
Output written on LluisLuengo_Guillem_TFM.pdf (28 pages, 463089 bytes).
PDF statistics:
 391 PDF objects out of 1000 (max. 8388607)
 73 named destinations out of 1000 (max. 500000)
 271 words of extra memory for PDF output out of 10000 (max. 10000000)

